/home/cxo147/anaconda3/lib/python3.11/site-packages/pydantic/_internal/_generate_schema.py:2249: UnsupportedFieldAttributeWarning: The 'repr' attribute with value False was provided to the `Field()` function, which has no effect in the context it was used. 'repr' is field-specific metadata, and can only be attached to a model field using `Annotated` metadata or by assignment. This may have happened because an `Annotated` type alias using the `type` statement was used, or if the `Field()` function was attached to a single member of a union type.
  warnings.warn(
/home/cxo147/anaconda3/lib/python3.11/site-packages/pydantic/_internal/_generate_schema.py:2249: UnsupportedFieldAttributeWarning: The 'frozen' attribute with value True was provided to the `Field()` function, which has no effect in the context it was used. 'frozen' is field-specific metadata, and can only be attached to a model field using `Annotated` metadata or by assignment. This may have happened because an `Annotated` type alias using the `type` statement was used, or if the `Field()` function was attached to a single member of a union type.
  warnings.warn(
CONFIG
├── train
│   └── seed: 2222                                                              
│       interval: step                                                          
│       monitor: val/accuracy                                                   
│       mode: max                                                               
│       ema: 0.0                                                                
│       test: false                                                             
│       debug: false                                                            
│       ignore_warnings: false                                                  
│       state:                                                                  
│         mode: null                                                            
│         n_context: 0                                                          
│         n_context_eval: 0                                                     
│       ckpt: null                                                              
│       disable_dataset: false                                                  
│       validate_at_start: false                                                
│       pretrained_model_path: null                                             
│       pretrained_model_strict_load: false                                     
│       pretrained_model_state_hook:                                            
│         _name_: load_backbone                                                 
│         freeze_backbone: false                                                
│       post_init_hook:                                                         
│         _name_: null                                                          
│       layer_decay:                                                            
│         _name_: null                                                          
│         decay: 0.7                                                            
│       gpu_mem: 33                                                             
│       global_batch_size: 128                                                  
│       remove_test_loader_in_eval: true                                        
│                                                                               
├── tolerance
│   └── logdir: ./resume                                                        
│       id: null                                                                
│                                                                               
├── wandb
│   └── None                                                                    
├── trainer
│   └── _target_: pytorch_lightning.Trainer                                     
│       devices: 1                                                              
│       accelerator: gpu                                                        
│       accumulate_grad_batches: 1                                              
│       max_epochs: 5                                                           
│       gradient_clip_val: 1.0                                                  
│       log_every_n_steps: 10                                                   
│       limit_train_batches: 1.0                                                
│       limit_val_batches: 1.0                                                  
│       num_nodes: 1                                                            
│       precision: 16                                                           
│                                                                               
├── loader
│   └── batch_size: 50                                                          
│       num_workers: 4                                                          
│       pin_memory: true                                                        
│       drop_last: true                                                         
│                                                                               
├── dataset
│   └── _name_: genomic_benchmark                                               
│       dataset_name: dummy_mouse_enhancers_ensembl                             
│       dest_path: null                                                         
│       max_length: 2381                                                        
│       d_output: 2                                                             
│       use_padding: true                                                       
│       padding_side: left                                                      
│       add_eos: false                                                          
│       batch_size: 128                                                         
│       train_len: 1210                                                         
│       shuffle: true                                                           
│       dummy_mouse_enhancers_ensembl:                                          
│         train_len: 1210                                                       
│         classes: 2                                                            
│       demo_coding_vs_intergenomic_seqs:                                       
│         train_len: 100000                                                     
│         classes: 2                                                            
│       demo_human_or_worm:                                                     
│         train_len: 100000                                                     
│         classes: 2                                                            
│       human_enhancers_cohn:                                                   
│         train_len: 27791                                                      
│         classes: 2                                                            
│       human_enhancers_ensembl:                                                
│         train_len: 154842                                                     
│         classes: 2                                                            
│       human_ensembl_regulatory:                                               
│         train_len: 289061                                                     
│         classes: 3                                                            
│       human_nontata_promoters:                                                
│         train_len: 36131                                                      
│         classes: 2                                                            
│       human_ocr_ensembl:                                                      
│         train_len: 174756                                                     
│         classes: 2                                                            
│       tokenizer_name: char                                                    
│       rc_aug: false                                                           
│       return_mask: false                                                      
│                                                                               
├── task
│   └── _name_: masked_multiclass                                               
│       loss: cross_entropy                                                     
│       metrics:                                                                
│       - accuracy                                                              
│       torchmetrics: null                                                      
│                                                                               
├── optimizer
│   └── _name_: adamw                                                           
│       lr: 0.0006                                                              
│       weight_decay: 0.1                                                       
│       betas:                                                                  
│       - 0.9                                                                   
│       - 0.999                                                                 
│                                                                               
├── scheduler
│   └── _name_: cosine_warmup_timm                                              
│       t_in_epochs: false                                                      
│       t_initial: 50                                                           
│       lr_min: 5.9999999999999995e-05                                          
│       warmup_lr_init: 1.0e-06                                                 
│       warmup_t: 0.5                                                           
│                                                                               
├── callbacks
│   └── learning_rate_monitor:                                                  
│         logging_interval: step                                                
│       timer:                                                                  
│         step: true                                                            
│         inter_step: false                                                     
│         epoch: true                                                           
│         val: true                                                             
│       params:                                                                 
│         total: true                                                           
│         trainable: true                                                       
│         fixed: true                                                           
│       model_checkpoint:                                                       
│         monitor: val/accuracy                                                 
│         mode: max                                                             
│         save_top_k: 1                                                         
│         save_last: true                                                       
│         dirpath: checkpoints/                                                 
│         filename: val/accuracy                                                
│         auto_insert_metric_name: false                                        
│         verbose: true                                                         
│                                                                               
├── encoder
│   └── id                                                                      
├── decoder
│   └── _name_: sequence                                                        
│       mode: pool                                                              
│                                                                               
└── model
    └── _name_: dna_embedding                                                   
        d_model: 128                                                            
        n_layer: 2                                                              
        d_inner: 512                                                            
        vocab_size: 12                                                          
        resid_dropout: 0.0                                                      
        embed_dropout: 0.1                                                      
        fused_mlp: false                                                        
        fused_dropout_add_ln: true                                              
        residual_in_fp32: true                                                  
        pad_vocab_size_multiple: 8                                              
        layer:                                                                  
          _name_: hyena                                                         
          emb_dim: 5                                                            
          filter_order: 64                                                      
          short_filter_order: 3                                                 
          l_max: 2383                                                           
          modulate: true                                                        
          w: 10                                                                 
          lr: 0.0006                                                            
          wd: 0.0                                                               
          lr_pos_emb: 0.0                                                       
                                                                                
Global seed set to 2222
[2025-10-20 21:25:29,752][__main__][INFO] - Instantiating callback <src.callbacks.timer.Timer>
[2025-10-20 21:25:29,753][__main__][INFO] - Instantiating callback <src.callbacks.params.ParamsLog>
[2025-10-20 21:25:29,753][__main__][INFO] - Instantiating callback <pytorch_lightning.callbacks.ModelCheckpoint>
[2025-10-20 21:25:29,754][__main__][INFO] - Instantiating trainer <pytorch_lightning.Trainer>
Using 16bit native Automatic Mixed Precision (AMP)
GPU available: True (cuda), used: True
TPU available: False, using: 0 TPU cores
IPU available: False, using: 0 IPUs
HPU available: False, using: 0 HPUs
`Trainer(limit_train_batches=1.0)` was configured so 100% of the batches per epoch will be used..
`Trainer(limit_val_batches=1.0)` was configured so 100% of the batches will be used..
LOCAL_RANK: 0 - CUDA_VISIBLE_DEVICES: [0,1,2,3,4,5,6,7]
**Using Char-level tokenizer**
already downloaded train-dummy_mouse_enhancers_ensembl
already downloaded val-dummy_mouse_enhancers_ensembl
Warning: dropout_add_layer_norm not available (flash_attn not installed). Disabling fused_dropout_add_ln.
**Using Char-level tokenizer**
already downloaded train-dummy_mouse_enhancers_ensembl
already downloaded val-dummy_mouse_enhancers_ensembl
Hyperparameter groups [{'weight_decay': 0.0, 'lr': 0.0006}]
[2025-10-20 21:25:30,108][__main__][INFO] - Optimizer group 0 | 35 tensors | lr 0.0006 | weight_decay 0.1
[2025-10-20 21:25:30,108][__main__][INFO] - Optimizer group 1 | 16 tensors | lr 0.0006 | weight_decay 0.0

  | Name               | Type              | Params
---------------------------------------------------------
0 | model              | DNAEmbeddingModel | 436 K 
1 | encoder            | Identity          | 0     
2 | decoder            | SequenceDecoder   | 258   
3 | train_torchmetrics | MetricCollection  | 0     
4 | val_torchmetrics   | MetricCollection  | 0     
5 | test_torchmetrics  | MetricCollection  | 0     
---------------------------------------------------------
436 K     Trainable params
0         Non-trainable params
436 K     Total params
0.873     Total estimated model params size (MB)

Sanity Checking: 0it [00:00, ?it/s]
Sanity Checking:   0%|          | 0/2 [00:00<?, ?it/s]
Sanity Checking DataLoader 0:   0%|          | 0/2 [00:00<?, ?it/s]
Sanity Checking DataLoader 0:  50%|█████     | 1/2 [00:00<00:00,  3.70it/s]
Sanity Checking DataLoader 0: 100%|██████████| 2/2 [00:00<00:00,  6.87it/s]
                                                                           

Training: 0it [00:00, ?it/s]
Training:   0%|          | 0/10 [00:00<?, ?it/s]
Epoch 0:   0%|          | 0/10 [00:00<?, ?it/s] 
Epoch 0:  10%|█         | 1/10 [00:00<00:04,  1.80it/s]
Epoch 0:  10%|█         | 1/10 [00:00<00:05,  1.80it/s, loss=0.817]
Epoch 0:  20%|██        | 2/10 [00:00<00:03,  2.58it/s, loss=0.817]
Epoch 0:  20%|██        | 2/10 [00:00<00:03,  2.58it/s, loss=0.799]
Epoch 0:  30%|███       | 3/10 [00:00<00:02,  3.10it/s, loss=0.799]
Epoch 0:  30%|███       | 3/10 [00:00<00:02,  3.10it/s, loss=1.25] 
Epoch 0:  40%|████      | 4/10 [00:01<00:01,  3.44it/s, loss=1.25]
Epoch 0:  40%|████      | 4/10 [00:01<00:01,  3.43it/s, loss=1.48]
Epoch 0:  50%|█████     | 5/10 [00:01<00:01,  3.68it/s, loss=1.48]
Epoch 0:  50%|█████     | 5/10 [00:01<00:01,  3.68it/s, loss=1.39]
Epoch 0:  60%|██████    | 6/10 [00:01<00:01,  3.86it/s, loss=1.39]
Epoch 0:  60%|██████    | 6/10 [00:01<00:01,  3.86it/s, loss=1.27]
Epoch 0:  70%|███████   | 7/10 [00:01<00:00,  4.01it/s, loss=1.27]
Epoch 0:  70%|███████   | 7/10 [00:01<00:00,  4.00it/s, loss=1.18]
Epoch 0:  80%|████████  | 8/10 [00:01<00:00,  4.27it/s, loss=1.18]
Epoch 0:  80%|████████  | 8/10 [00:01<00:00,  4.27it/s, loss=1.11]

Validation: 0it [00:00, ?it/s][A

Validation:   0%|          | 0/2 [00:00<?, ?it/s][A

Validation DataLoader 0:   0%|          | 0/2 [00:00<?, ?it/s][A

Validation DataLoader 0:  50%|█████     | 1/2 [00:00<00:00, 119.91it/s][A
Epoch 0:  90%|█████████ | 9/10 [00:02<00:00,  4.09it/s, loss=1.11]

Validation DataLoader 0: 100%|██████████| 2/2 [00:00<00:00, 32.71it/s] [A
Epoch 0: 100%|██████████| 10/10 [00:02<00:00,  4.44it/s, loss=1.11]
Epoch 0: 100%|██████████| 10/10 [00:02<00:00,  4.36it/s, loss=1.11, val/accuracy=0.698, val/loss=0.593]

                                                                      [A
Epoch 0: 100%|██████████| 10/10 [00:02<00:00,  4.36it/s, loss=1.11, val/accuracy=0.698, val/loss=0.593, train/accuracy=0.501, train/loss=1.140]Epoch 0, global step 8: 'val/accuracy' reached 0.69835 (best 0.69835), saving model to '/home/cxo147/hyena-dna/results/genomic_benchmark_dummy_mouse_enhancers_ensembl_20251020_212525/checkpoints/val/accuracy.ckpt' as top 1

Epoch 0:   0%|          | 0/10 [00:00<?, ?it/s, loss=1.11, val/accuracy=0.698, val/loss=0.593, train/accuracy=0.501, train/loss=1.140]         
Epoch 1:   0%|          | 0/10 [00:00<?, ?it/s, loss=1.11, val/accuracy=0.698, val/loss=0.593, train/accuracy=0.501, train/loss=1.140]
Epoch 1:  10%|█         | 1/10 [00:00<00:04,  1.97it/s, loss=1.11, val/accuracy=0.698, val/loss=0.593, train/accuracy=0.501, train/loss=1.140]
Epoch 1:  10%|█         | 1/10 [00:00<00:04,  1.97it/s, loss=1.06, val/accuracy=0.698, val/loss=0.593, train/accuracy=0.501, train/loss=1.140]
Epoch 1:  20%|██        | 2/10 [00:00<00:02,  2.85it/s, loss=1.06, val/accuracy=0.698, val/loss=0.593, train/accuracy=0.501, train/loss=1.140]
Epoch 1:  20%|██        | 2/10 [00:00<00:02,  2.85it/s, loss=1.01, val/accuracy=0.698, val/loss=0.593, train/accuracy=0.501, train/loss=1.140]
Epoch 1:  30%|███       | 3/10 [00:00<00:02,  3.34it/s, loss=1.01, val/accuracy=0.698, val/loss=0.593, train/accuracy=0.501, train/loss=1.140]
Epoch 1:  30%|███       | 3/10 [00:00<00:02,  3.34it/s, loss=0.975, val/accuracy=0.698, val/loss=0.593, train/accuracy=0.501, train/loss=1.140]
Epoch 1:  40%|████      | 4/10 [00:01<00:01,  3.67it/s, loss=0.975, val/accuracy=0.698, val/loss=0.593, train/accuracy=0.501, train/loss=1.140]
Epoch 1:  40%|████      | 4/10 [00:01<00:01,  3.66it/s, loss=0.932, val/accuracy=0.698, val/loss=0.593, train/accuracy=0.501, train/loss=1.140]
Epoch 1:  50%|█████     | 5/10 [00:01<00:01,  3.89it/s, loss=0.932, val/accuracy=0.698, val/loss=0.593, train/accuracy=0.501, train/loss=1.140]
Epoch 1:  50%|█████     | 5/10 [00:01<00:01,  3.89it/s, loss=0.903, val/accuracy=0.698, val/loss=0.593, train/accuracy=0.501, train/loss=1.140]
Epoch 1:  60%|██████    | 6/10 [00:01<00:00,  4.05it/s, loss=0.903, val/accuracy=0.698, val/loss=0.593, train/accuracy=0.501, train/loss=1.140]
Epoch 1:  60%|██████    | 6/10 [00:01<00:00,  4.05it/s, loss=0.88, val/accuracy=0.698, val/loss=0.593, train/accuracy=0.501, train/loss=1.140] 
Epoch 1:  70%|███████   | 7/10 [00:01<00:00,  4.18it/s, loss=0.88, val/accuracy=0.698, val/loss=0.593, train/accuracy=0.501, train/loss=1.140]
Epoch 1:  70%|███████   | 7/10 [00:01<00:00,  4.18it/s, loss=0.859, val/accuracy=0.698, val/loss=0.593, train/accuracy=0.501, train/loss=1.140]
Epoch 1:  80%|████████  | 8/10 [00:01<00:00,  4.46it/s, loss=0.859, val/accuracy=0.698, val/loss=0.593, train/accuracy=0.501, train/loss=1.140]
Epoch 1:  80%|████████  | 8/10 [00:01<00:00,  4.46it/s, loss=0.845, val/accuracy=0.698, val/loss=0.593, train/accuracy=0.501, train/loss=1.140]

Validation: 0it [00:00, ?it/s][A

Validation:   0%|          | 0/2 [00:00<?, ?it/s][A

Validation DataLoader 0:   0%|          | 0/2 [00:00<?, ?it/s][A

Validation DataLoader 0:  50%|█████     | 1/2 [00:00<00:00, 130.99it/s][A
Epoch 1:  90%|█████████ | 9/10 [00:02<00:00,  4.25it/s, loss=0.845, val/accuracy=0.698, val/loss=0.593, train/accuracy=0.501, train/loss=1.140]

Validation DataLoader 0: 100%|██████████| 2/2 [00:00<00:00, 32.84it/s] [A
Epoch 1: 100%|██████████| 10/10 [00:02<00:00,  4.61it/s, loss=0.845, val/accuracy=0.698, val/loss=0.593, train/accuracy=0.501, train/loss=1.140]
Epoch 1: 100%|██████████| 10/10 [00:02<00:00,  4.52it/s, loss=0.845, val/accuracy=0.698, val/loss=0.555, train/accuracy=0.501, train/loss=1.140]

                                                                      [A
Epoch 1: 100%|██████████| 10/10 [00:02<00:00,  4.52it/s, loss=0.845, val/accuracy=0.698, val/loss=0.555, train/accuracy=0.705, train/loss=0.576]Epoch 1, global step 16: 'val/accuracy' was not in top 1

Epoch 1:   0%|          | 0/10 [00:00<?, ?it/s, loss=0.845, val/accuracy=0.698, val/loss=0.555, train/accuracy=0.705, train/loss=0.576]         
Epoch 2:   0%|          | 0/10 [00:00<?, ?it/s, loss=0.845, val/accuracy=0.698, val/loss=0.555, train/accuracy=0.705, train/loss=0.576]
Epoch 2:  10%|█         | 1/10 [00:00<00:04,  1.98it/s, loss=0.845, val/accuracy=0.698, val/loss=0.555, train/accuracy=0.705, train/loss=0.576]
Epoch 2:  10%|█         | 1/10 [00:00<00:04,  1.97it/s, loss=0.83, val/accuracy=0.698, val/loss=0.555, train/accuracy=0.705, train/loss=0.576] 
Epoch 2:  20%|██        | 2/10 [00:00<00:02,  2.85it/s, loss=0.83, val/accuracy=0.698, val/loss=0.555, train/accuracy=0.705, train/loss=0.576]
Epoch 2:  20%|██        | 2/10 [00:00<00:02,  2.85it/s, loss=0.816, val/accuracy=0.698, val/loss=0.555, train/accuracy=0.705, train/loss=0.576]
Epoch 2:  30%|███       | 3/10 [00:00<00:02,  3.35it/s, loss=0.816, val/accuracy=0.698, val/loss=0.555, train/accuracy=0.705, train/loss=0.576]
Epoch 2:  30%|███       | 3/10 [00:00<00:02,  3.35it/s, loss=0.798, val/accuracy=0.698, val/loss=0.555, train/accuracy=0.705, train/loss=0.576]
Epoch 2:  40%|████      | 4/10 [00:01<00:01,  3.67it/s, loss=0.798, val/accuracy=0.698, val/loss=0.555, train/accuracy=0.705, train/loss=0.576]
Epoch 2:  40%|████      | 4/10 [00:01<00:01,  3.67it/s, loss=0.786, val/accuracy=0.698, val/loss=0.555, train/accuracy=0.705, train/loss=0.576]
Epoch 2:  50%|█████     | 5/10 [00:01<00:01,  3.89it/s, loss=0.786, val/accuracy=0.698, val/loss=0.555, train/accuracy=0.705, train/loss=0.576]
Epoch 2:  50%|█████     | 5/10 [00:01<00:01,  3.89it/s, loss=0.771, val/accuracy=0.698, val/loss=0.555, train/accuracy=0.705, train/loss=0.576]
Epoch 2:  60%|██████    | 6/10 [00:01<00:00,  4.06it/s, loss=0.771, val/accuracy=0.698, val/loss=0.555, train/accuracy=0.705, train/loss=0.576]
Epoch 2:  60%|██████    | 6/10 [00:01<00:00,  4.06it/s, loss=0.758, val/accuracy=0.698, val/loss=0.555, train/accuracy=0.705, train/loss=0.576]
Epoch 2:  70%|███████   | 7/10 [00:01<00:00,  4.18it/s, loss=0.758, val/accuracy=0.698, val/loss=0.555, train/accuracy=0.705, train/loss=0.576]
Epoch 2:  70%|███████   | 7/10 [00:01<00:00,  4.18it/s, loss=0.678, val/accuracy=0.698, val/loss=0.555, train/accuracy=0.705, train/loss=0.576]
Epoch 2:  80%|████████  | 8/10 [00:01<00:00,  4.46it/s, loss=0.678, val/accuracy=0.698, val/loss=0.555, train/accuracy=0.705, train/loss=0.576]
Epoch 2:  80%|████████  | 8/10 [00:01<00:00,  4.46it/s, loss=0.597, val/accuracy=0.698, val/loss=0.555, train/accuracy=0.705, train/loss=0.576]

Validation: 0it [00:00, ?it/s][A

Validation:   0%|          | 0/2 [00:00<?, ?it/s][A

Validation DataLoader 0:   0%|          | 0/2 [00:00<?, ?it/s][A

Validation DataLoader 0:  50%|█████     | 1/2 [00:00<00:00, 129.08it/s][A
Epoch 2:  90%|█████████ | 9/10 [00:02<00:00,  4.26it/s, loss=0.597, val/accuracy=0.698, val/loss=0.555, train/accuracy=0.705, train/loss=0.576]

Validation DataLoader 0: 100%|██████████| 2/2 [00:00<00:00, 32.76it/s] [A
Epoch 2: 100%|██████████| 10/10 [00:02<00:00,  4.61it/s, loss=0.597, val/accuracy=0.698, val/loss=0.555, train/accuracy=0.705, train/loss=0.576]
Epoch 2: 100%|██████████| 10/10 [00:02<00:00,  4.53it/s, loss=0.597, val/accuracy=0.674, val/loss=0.554, train/accuracy=0.705, train/loss=0.576]

                                                                      [A
Epoch 2: 100%|██████████| 10/10 [00:02<00:00,  4.52it/s, loss=0.597, val/accuracy=0.674, val/loss=0.554, train/accuracy=0.708, train/loss=0.542]Epoch 2, global step 24: 'val/accuracy' was not in top 1

Epoch 2:   0%|          | 0/10 [00:00<?, ?it/s, loss=0.597, val/accuracy=0.674, val/loss=0.554, train/accuracy=0.708, train/loss=0.542]         
Epoch 3:   0%|          | 0/10 [00:00<?, ?it/s, loss=0.597, val/accuracy=0.674, val/loss=0.554, train/accuracy=0.708, train/loss=0.542]
Epoch 3:  10%|█         | 1/10 [00:00<00:04,  1.96it/s, loss=0.597, val/accuracy=0.674, val/loss=0.554, train/accuracy=0.708, train/loss=0.542]
Epoch 3:  10%|█         | 1/10 [00:00<00:04,  1.96it/s, loss=0.571, val/accuracy=0.674, val/loss=0.554, train/accuracy=0.708, train/loss=0.542]
Epoch 3:  20%|██        | 2/10 [00:00<00:02,  2.84it/s, loss=0.571, val/accuracy=0.674, val/loss=0.554, train/accuracy=0.708, train/loss=0.542]
Epoch 3:  20%|██        | 2/10 [00:00<00:02,  2.84it/s, loss=0.563, val/accuracy=0.674, val/loss=0.554, train/accuracy=0.708, train/loss=0.542]
Epoch 3:  30%|███       | 3/10 [00:00<00:02,  3.34it/s, loss=0.563, val/accuracy=0.674, val/loss=0.554, train/accuracy=0.708, train/loss=0.542]
Epoch 3:  30%|███       | 3/10 [00:00<00:02,  3.34it/s, loss=0.556, val/accuracy=0.674, val/loss=0.554, train/accuracy=0.708, train/loss=0.542]
Epoch 3:  40%|████      | 4/10 [00:01<00:01,  3.66it/s, loss=0.556, val/accuracy=0.674, val/loss=0.554, train/accuracy=0.708, train/loss=0.542]
Epoch 3:  40%|████      | 4/10 [00:01<00:01,  3.66it/s, loss=0.551, val/accuracy=0.674, val/loss=0.554, train/accuracy=0.708, train/loss=0.542]
Epoch 3:  50%|█████     | 5/10 [00:01<00:01,  3.88it/s, loss=0.551, val/accuracy=0.674, val/loss=0.554, train/accuracy=0.708, train/loss=0.542]
Epoch 3:  50%|█████     | 5/10 [00:01<00:01,  3.88it/s, loss=0.545, val/accuracy=0.674, val/loss=0.554, train/accuracy=0.708, train/loss=0.542]
Epoch 3:  60%|██████    | 6/10 [00:01<00:00,  4.05it/s, loss=0.545, val/accuracy=0.674, val/loss=0.554, train/accuracy=0.708, train/loss=0.542]
Epoch 3:  60%|██████    | 6/10 [00:01<00:00,  4.05it/s, loss=0.543, val/accuracy=0.674, val/loss=0.554, train/accuracy=0.708, train/loss=0.542]
Epoch 3:  70%|███████   | 7/10 [00:01<00:00,  4.18it/s, loss=0.543, val/accuracy=0.674, val/loss=0.554, train/accuracy=0.708, train/loss=0.542]
Epoch 3:  70%|███████   | 7/10 [00:01<00:00,  4.18it/s, loss=0.538, val/accuracy=0.674, val/loss=0.554, train/accuracy=0.708, train/loss=0.542]
Epoch 3:  80%|████████  | 8/10 [00:01<00:00,  4.46it/s, loss=0.538, val/accuracy=0.674, val/loss=0.554, train/accuracy=0.708, train/loss=0.542]
Epoch 3:  80%|████████  | 8/10 [00:01<00:00,  4.46it/s, loss=0.54, val/accuracy=0.674, val/loss=0.554, train/accuracy=0.708, train/loss=0.542] 

Validation: 0it [00:00, ?it/s][A

Validation:   0%|          | 0/2 [00:00<?, ?it/s][A

Validation DataLoader 0:   0%|          | 0/2 [00:00<?, ?it/s][A

Validation DataLoader 0:  50%|█████     | 1/2 [00:00<00:00, 130.04it/s][A
Epoch 3:  90%|█████████ | 9/10 [00:02<00:00,  4.24it/s, loss=0.54, val/accuracy=0.674, val/loss=0.554, train/accuracy=0.708, train/loss=0.542]

Validation DataLoader 0: 100%|██████████| 2/2 [00:00<00:00, 32.76it/s] [A
Epoch 3: 100%|██████████| 10/10 [00:02<00:00,  4.60it/s, loss=0.54, val/accuracy=0.674, val/loss=0.554, train/accuracy=0.708, train/loss=0.542]
Epoch 3: 100%|██████████| 10/10 [00:02<00:00,  4.51it/s, loss=0.54, val/accuracy=0.752, val/loss=0.488, train/accuracy=0.708, train/loss=0.542]

                                                                      [A
Epoch 3: 100%|██████████| 10/10 [00:02<00:00,  4.51it/s, loss=0.54, val/accuracy=0.752, val/loss=0.488, train/accuracy=0.721, train/loss=0.515]Epoch 3, global step 32: 'val/accuracy' reached 0.75207 (best 0.75207), saving model to '/home/cxo147/hyena-dna/results/genomic_benchmark_dummy_mouse_enhancers_ensembl_20251020_212525/checkpoints/val/accuracy.ckpt' as top 1

Epoch 3:   0%|          | 0/10 [00:00<?, ?it/s, loss=0.54, val/accuracy=0.752, val/loss=0.488, train/accuracy=0.721, train/loss=0.515]         
Epoch 4:   0%|          | 0/10 [00:00<?, ?it/s, loss=0.54, val/accuracy=0.752, val/loss=0.488, train/accuracy=0.721, train/loss=0.515]
Epoch 4:  10%|█         | 1/10 [00:00<00:04,  1.99it/s, loss=0.54, val/accuracy=0.752, val/loss=0.488, train/accuracy=0.721, train/loss=0.515]
Epoch 4:  10%|█         | 1/10 [00:00<00:04,  1.99it/s, loss=0.537, val/accuracy=0.752, val/loss=0.488, train/accuracy=0.721, train/loss=0.515]
Epoch 4:  20%|██        | 2/10 [00:00<00:02,  2.86it/s, loss=0.537, val/accuracy=0.752, val/loss=0.488, train/accuracy=0.721, train/loss=0.515]
Epoch 4:  20%|██        | 2/10 [00:00<00:02,  2.86it/s, loss=0.532, val/accuracy=0.752, val/loss=0.488, train/accuracy=0.721, train/loss=0.515]
Epoch 4:  30%|███       | 3/10 [00:00<00:02,  3.36it/s, loss=0.532, val/accuracy=0.752, val/loss=0.488, train/accuracy=0.721, train/loss=0.515]
Epoch 4:  30%|███       | 3/10 [00:00<00:02,  3.36it/s, loss=0.529, val/accuracy=0.752, val/loss=0.488, train/accuracy=0.721, train/loss=0.515]
Epoch 4:  40%|████      | 4/10 [00:01<00:01,  3.68it/s, loss=0.529, val/accuracy=0.752, val/loss=0.488, train/accuracy=0.721, train/loss=0.515]
Epoch 4:  40%|████      | 4/10 [00:01<00:01,  3.68it/s, loss=0.524, val/accuracy=0.752, val/loss=0.488, train/accuracy=0.721, train/loss=0.515]
Epoch 4:  50%|█████     | 5/10 [00:01<00:01,  3.90it/s, loss=0.524, val/accuracy=0.752, val/loss=0.488, train/accuracy=0.721, train/loss=0.515]
Epoch 4:  50%|█████     | 5/10 [00:01<00:01,  3.90it/s, loss=0.525, val/accuracy=0.752, val/loss=0.488, train/accuracy=0.721, train/loss=0.515]
Epoch 4:  60%|██████    | 6/10 [00:01<00:00,  4.07it/s, loss=0.525, val/accuracy=0.752, val/loss=0.488, train/accuracy=0.721, train/loss=0.515]
Epoch 4:  60%|██████    | 6/10 [00:01<00:00,  4.07it/s, loss=0.523, val/accuracy=0.752, val/loss=0.488, train/accuracy=0.721, train/loss=0.515]
Epoch 4:  70%|███████   | 7/10 [00:01<00:00,  4.19it/s, loss=0.523, val/accuracy=0.752, val/loss=0.488, train/accuracy=0.721, train/loss=0.515]
Epoch 4:  70%|███████   | 7/10 [00:01<00:00,  4.19it/s, loss=0.526, val/accuracy=0.752, val/loss=0.488, train/accuracy=0.721, train/loss=0.515]
Epoch 4:  80%|████████  | 8/10 [00:01<00:00,  4.47it/s, loss=0.526, val/accuracy=0.752, val/loss=0.488, train/accuracy=0.721, train/loss=0.515]
Epoch 4:  80%|████████  | 8/10 [00:01<00:00,  4.47it/s, loss=0.519, val/accuracy=0.752, val/loss=0.488, train/accuracy=0.721, train/loss=0.515]

Validation: 0it [00:00, ?it/s][A

Validation:   0%|          | 0/2 [00:00<?, ?it/s][A

Validation DataLoader 0:   0%|          | 0/2 [00:00<?, ?it/s][A

Validation DataLoader 0:  50%|█████     | 1/2 [00:00<00:00, 130.65it/s][A
Epoch 4:  90%|█████████ | 9/10 [00:02<00:00,  4.26it/s, loss=0.519, val/accuracy=0.752, val/loss=0.488, train/accuracy=0.721, train/loss=0.515]

Validation DataLoader 0: 100%|██████████| 2/2 [00:00<00:00, 32.79it/s] [A
Epoch 4: 100%|██████████| 10/10 [00:02<00:00,  4.62it/s, loss=0.519, val/accuracy=0.752, val/loss=0.488, train/accuracy=0.721, train/loss=0.515]
Epoch 4: 100%|██████████| 10/10 [00:02<00:00,  4.53it/s, loss=0.519, val/accuracy=0.715, val/loss=0.523, train/accuracy=0.721, train/loss=0.515]

                                                                      [A
Epoch 4: 100%|██████████| 10/10 [00:02<00:00,  4.53it/s, loss=0.519, val/accuracy=0.715, val/loss=0.523, train/accuracy=0.728, train/loss=0.520]Epoch 4, global step 40: 'val/accuracy' was not in top 1
`Trainer.fit` stopped: `max_epochs=5` reached.

Epoch 4: 100%|██████████| 10/10 [00:02<00:00,  4.48it/s, loss=0.519, val/accuracy=0.715, val/loss=0.523, train/accuracy=0.728, train/loss=0.520]
